xemu_version: 0.8.136-0-g06168a2f455b
xemu_commit: 06168a2f455b832bc6eb7936ebe725ec530b1b00
xemu_date: Wed Sep 30 12:22:30 UTC 2026
xemu_settings_set_path: config path: /home/deck/xemu-research/workspace/Results/20260930-123411941-b798f05dfd0d4d61ae38225385552a87/diagnostics/run-state/effective-live.toml
CPU: AMD Custom APU 0405
OS_Version: SteamOS
GL_VENDOR: AMD
GL_RENDERER: AMD Custom GPU 0405 (radeonsi, vangogh, LLVM 20.1.8, DRM 3.64, 6.16.12-valve24.5-1-neptune-616-gb2f7cfe85e45)
GL_VERSION: 4.6 (Core Profile) Mesa 25.3.0 (git-59b552c765)
GL_SHADING_LANGUAGE_VERSION: 4.60
GL geometry shader winding: 0, 0, 0, 0
Available physical devices:
- AMD Custom GPU 0405 (RADV VANGOGH) [00000000040000000000000000000000]: compatible
Selected physical device: AMD Custom GPU 0405 (RADV VANGOGH) [00000000040000000000000000000000]
- Vendor: 1002, Device: 163f
- Driver Version: 25.99.99
Enabled device extensions:
- VK_KHR_external_memory_fd
- VK_KHR_external_semaphore_fd
- VK_EXT_custom_border_color
- VK_EXT_memory_budget
- VK_EXT_shader_demote_to_helper_invocation
Vulkan presentation transport: shared external memory
xemu_settings_get_base_path: base path: /home/deck/xemu-research/workspace/Queue/Testing/agent-research245-probe-06168a2f-deck-off2-t001/
VK geometry shader winding: 0, 0, 0, 0
xemu: GLib: g_source_destroy: assertion 'g_atomic_int_get (&source->ref_count) > 0' failed
