xemu_version: 0.8.136-0-gabd598cf596a
xemu_commit: abd598cf596aff497d3b962bb309221f2d3092cc
xemu_date: Wed Sep 30 10:23:03 UTC 2026
xemu_settings_set_path: config path: C:\xemu-lab\incoming\pr184-register-read-windows\workspace-v2\Queue\Testing\agent-research247-diag-abd598cf-off2-t001\xemu.toml
CPU: AMD Ryzen 9 6900HX with Radeon Graphics        
OS_Version:  22H2
GL_VENDOR: NVIDIA Corporation
GL_RENDERER: NVIDIA GeForce RTX 3070 Ti Laptop GPU/PCIe/SSE2
GL_VERSION: 4.0.0 NVIDIA 581.95
GL_SHADING_LANGUAGE_VERSION: 4.00 NVIDIA via Cg compiler
GL geometry shader winding: 0, 0, 0, 0
Available physical devices:
- NVIDIA GeForce RTX 3070 Ti Laptop GPU [06af030bb691ba528d6e537f143ca591]: compatible
- AMD Radeon(TM) Graphics [00000000350000000000000000000000]: compatible
Selected physical device: NVIDIA GeForce RTX 3070 Ti Laptop GPU [06af030bb691ba528d6e537f143ca591]
- Vendor: 10de, Device: 24e0
- Driver Version: 581.380.0
Enabled device extensions:
- VK_KHR_external_memory_win32
- VK_KHR_external_semaphore_win32
- VK_EXT_custom_border_color
- VK_EXT_memory_budget
- VK_EXT_shader_demote_to_helper_invocation
Vulkan presentation transport: shared external memory
xemu_settings_get_base_path: base path: C:\xemu-lab\incoming\pr184-register-read-windows\workspace-v2\Queue\Testing\agent-research247-diag-abd598cf-off2-t001\
VK geometry shader winding: 0, 0, 0, 0
win32_dxgi_present: DXGI Presentation Helper successfully initialized (mode=flip, tearing=supported)
nv2a/vk: SPIR-V prewarm hits=453 misses=1 rejections=0 fallbacks=0 records=297 source_bytes=3534135 spirv_bytes=5897664 loaded_bytes=9422234 queued_bytes=19116 write=published
nv2a/vk: family prewarm considered=32 attempted=32 scheduled=32 ready=32 missing=0 deferred=0 rejected=0 retry_exhausted=0 owner_attempts=32 owner_us_total=12917 owner_us_max=1986 worker_completions=32 worker_us_total=5944 worker_us_max=826 demand_hits=32
2026-09-30T10:40:24.363348Z C:\xemu-lab\incoming\pr184-register-read-windows\workspace-v2\Queue\Testing\agent-research247-diag-abd598cf-off2-t001\xemu.exe: GLib: g_source_destroy: assertion 'g_atomic_int_get (&source->ref_count) > 0' failed
