xemu_version: 0.8.136-0-gabd598cf596a
xemu_commit: abd598cf596aff497d3b962bb309221f2d3092cc
xemu_date: Wed Sep 30 10:23:01 UTC 2026
xemu_settings_set_path: config path: /home/deck/xemu-research/workspace/Results/20260930-103846385-41140180f8fa4b7fa391d9ba8c6260a1/diagnostics/run-state/effective-live.toml
CPU: AMD Custom APU 0405
OS_Version: SteamOS
GL_VENDOR: AMD
GL_RENDERER: AMD Custom GPU 0405 (radeonsi, vangogh, LLVM 20.1.8, DRM 3.64, 6.16.12-valve24.5-1-neptune-616-gb2f7cfe85e45)
GL_VERSION: 4.6 (Core Profile) Mesa 25.3.0 (git-59b552c765)
GL_SHADING_LANGUAGE_VERSION: 4.60
GL geometry shader winding: 0, 0, 0, 0
Available physical devices:
- AMD Custom GPU 0405 (RADV VANGOGH) [00000000040000000000000000000000]: compatible
Selected physical device: AMD Custom GPU 0405 (RADV VANGOGH) [00000000040000000000000000000000]
- Vendor: 1002, Device: 163f
- Driver Version: 25.99.99
Enabled device extensions:
- VK_KHR_external_memory_fd
- VK_KHR_external_semaphore_fd
- VK_EXT_custom_border_color
- VK_EXT_memory_budget
- VK_EXT_shader_demote_to_helper_invocation
Vulkan presentation transport: shared external memory
xemu_settings_get_base_path: base path: /home/deck/xemu-research/workspace/Queue/Testing/agent-research247-diag-abd598cf-d5-t001/
VK geometry shader winding: 0, 0, 0, 0
xemu: GLib: g_source_destroy: assertion 'g_atomic_int_get (&source->ref_count) > 0' failed
